INFO 2026-07-03 10:41:49,093 autoreload Watching for file changes with StatReloader
INFO 2026-07-03 10:53:01,855 autoreload C:\Users\User13\Desktop\Ecommerce\ecommerce_backend\accounts\views.py changed, reloading.
INFO 2026-07-03 10:53:03,655 autoreload Watching for file changes with StatReloader
INFO 2026-07-03 10:53:08,611 autoreload C:\Users\User13\Desktop\Ecommerce\ecommerce_backend\accounts\views.py changed, reloading.
INFO 2026-07-03 10:53:09,570 autoreload Watching for file changes with StatReloader
INFO 2026-07-03 10:53:12,366 autoreload C:\Users\User13\Desktop\Ecommerce\ecommerce_backend\accounts\views.py changed, reloading.
INFO 2026-07-03 10:53:13,333 autoreload Watching for file changes with StatReloader
INFO 2026-07-03 10:54:30,295 autoreload C:\Users\User13\Desktop\Ecommerce\ecommerce_backend\accounts\views.py changed, reloading.
INFO 2026-07-03 10:54:31,438 autoreload Watching for file changes with StatReloader
INFO 2026-07-03 10:54:35,616 autoreload C:\Users\User13\Desktop\Ecommerce\ecommerce_backend\accounts\views.py changed, reloading.
INFO 2026-07-03 10:54:36,657 autoreload Watching for file changes with StatReloader
INFO 2026-07-03 10:54:41,636 autoreload C:\Users\User13\Desktop\Ecommerce\ecommerce_backend\accounts\views.py changed, reloading.
INFO 2026-07-03 10:54:43,360 autoreload Watching for file changes with StatReloader
INFO 2026-07-03 10:54:46,194 autoreload C:\Users\User13\Desktop\Ecommerce\ecommerce_backend\accounts\views.py changed, reloading.
INFO 2026-07-03 10:54:47,139 autoreload Watching for file changes with StatReloader
INFO 2026-07-03 10:55:11,155 autoreload C:\Users\User13\Desktop\Ecommerce\ecommerce_backend\accounts\views.py changed, reloading.
INFO 2026-07-03 10:55:12,025 autoreload Watching for file changes with StatReloader
INFO 2026-07-03 10:55:17,529 autoreload C:\Users\User13\Desktop\Ecommerce\ecommerce_backend\accounts\views.py changed, reloading.
INFO 2026-07-03 10:55:18,560 autoreload Watching for file changes with StatReloader
INFO 2026-07-03 10:55:28,476 autoreload C:\Users\User13\Desktop\Ecommerce\ecommerce_backend\accounts\views.py changed, reloading.
INFO 2026-07-03 10:55:29,426 autoreload Watching for file changes with StatReloader
INFO 2026-07-03 10:55:32,676 autoreload C:\Users\User13\Desktop\Ecommerce\ecommerce_backend\accounts\views.py changed, reloading.
INFO 2026-07-03 10:55:33,657 autoreload Watching for file changes with StatReloader
INFO 2026-07-03 10:55:37,164 autoreload C:\Users\User13\Desktop\Ecommerce\ecommerce_backend\accounts\views.py changed, reloading.
INFO 2026-07-03 10:55:38,903 autoreload Watching for file changes with StatReloader
INFO 2026-07-03 10:55:41,855 autoreload C:\Users\User13\Desktop\Ecommerce\ecommerce_backend\accounts\views.py changed, reloading.
INFO 2026-07-03 10:55:42,872 autoreload Watching for file changes with StatReloader
INFO 2026-07-03 10:55:54,786 log "POST /api/accounts/login HTTP/1.1" 200 679
INFO 2026-07-03 11:44:05,139 autoreload C:\Users\User13\Desktop\Ecommerce\ecommerce_backend\accounts\views.py changed, reloading.
INFO 2026-07-03 11:44:07,472 autoreload Watching for file changes with StatReloader
INFO 2026-07-03 11:44:20,467 views User logged in successfully: abinayamanokaran2006@gmail.com
INFO 2026-07-03 11:44:20,496 log "POST /api/accounts/login HTTP/1.1" 200 679
INFO 2026-07-03 11:53:51,484 autoreload C:\Users\User13\Desktop\Ecommerce\ecommerce_backend\orders\views.py changed, reloading.
INFO 2026-07-03 11:53:52,736 autoreload Watching for file changes with StatReloader
WARNING 2026-07-03 11:59:18,021 log Not Found: /
WARNING 2026-07-03 11:59:18,022 log "GET / HTTP/1.1" 404 6954
WARNING 2026-07-03 11:59:18,252 log Not Found: /favicon.ico
WARNING 2026-07-03 11:59:18,252 log "GET /favicon.ico HTTP/1.1" 404 7005
INFO 2026-07-03 12:13:36,699 autoreload Watching for file changes with StatReloader
INFO 2026-07-03 12:31:44,900 autoreload C:\Users\User13\Desktop\Ecommerce\ecommerce_backend\orders\views.py changed, reloading.
INFO 2026-07-03 12:31:46,614 autoreload Watching for file changes with StatReloader
INFO 2026-07-03 12:48:22,886 autoreload C:\Users\User13\Desktop\Ecommerce\ecommerce_backend\orders\views.py changed, reloading.
INFO 2026-07-03 12:48:23,992 autoreload Watching for file changes with StatReloader
INFO 2026-07-03 12:49:03,262 autoreload C:\Users\User13\Desktop\Ecommerce\ecommerce_backend\orders\urls.py changed, reloading.
INFO 2026-07-03 12:49:04,283 autoreload Watching for file changes with StatReloader
INFO 2026-07-03 12:49:12,654 autoreload C:\Users\User13\Desktop\Ecommerce\ecommerce_backend\orders\urls.py changed, reloading.
INFO 2026-07-03 12:49:13,736 autoreload Watching for file changes with StatReloader
INFO 2026-07-03 13:00:59,682 views Product created | ID=13 | Name=simmer leggines
INFO 2026-07-03 13:00:59,714 log "POST /api/products HTTP/1.1" 201 1453
INFO 2026-07-04 18:15:21,977 autoreload Watching for file changes with StatReloader
INFO 2026-07-04 18:20:02,872 log "GET / HTTP/1.1" 200 8128
INFO 2026-07-04 18:20:03,687 log "GET /api/banners/active HTTP/1.1" 200 74
INFO 2026-07-04 18:20:03,731 log "GET /api/products/latest HTTP/1.1" 200 1461
WARNING 2026-07-04 18:20:04,585 log Not Found: /favicon.ico
WARNING 2026-07-04 18:20:04,586 log "GET /favicon.ico HTTP/1.1" 404 7161
INFO 2026-07-04 18:20:14,949 log "GET / HTTP/1.1" 200 8128
INFO 2026-07-04 18:20:15,502 log "GET /api/banners/active HTTP/1.1" 200 74
INFO 2026-07-04 18:20:15,513 log "GET /api/products/latest HTTP/1.1" 200 1461
WARNING 2026-07-04 18:20:16,380 log Not Found: /favicon.ico
WARNING 2026-07-04 18:20:16,382 log "GET /favicon.ico HTTP/1.1" 404 7161
INFO 2026-07-04 18:22:57,178 log "GET / HTTP/1.1" 200 11853
INFO 2026-07-04 18:22:57,242 log "GET /api/banners/active HTTP/1.1" 200 74
INFO 2026-07-04 18:22:57,254 log "GET /api/products/latest HTTP/1.1" 200 1461
INFO 2026-07-04 18:23:12,799 log "GET / HTTP/1.1" 200 11853
INFO 2026-07-04 18:23:13,050 log "GET /api/banners/active HTTP/1.1" 200 74
INFO 2026-07-04 18:23:13,061 log "GET /api/products/latest HTTP/1.1" 200 1461
INFO 2026-07-04 18:24:57,187 log "GET / HTTP/1.1" 200 12758
INFO 2026-07-04 18:24:57,422 log "GET /api/banners/active HTTP/1.1" 200 74
INFO 2026-07-04 18:24:57,437 log "GET /api/products/latest HTTP/1.1" 200 1461
INFO 2026-07-04 18:25:08,541 log "GET / HTTP/1.1" 200 12758
INFO 2026-07-04 18:25:08,654 log "GET /api/banners/active HTTP/1.1" 200 74
INFO 2026-07-04 18:25:08,671 log "GET /api/products/latest HTTP/1.1" 200 1461
INFO 2026-07-04 18:26:50,853 autoreload C:\Users\abinaya\Desktop\New folder\Fashion-Ecommerce\ecommerce_backend\views.py changed, reloading.
INFO 2026-07-04 18:26:52,194 autoreload Watching for file changes with StatReloader
INFO 2026-07-04 18:27:55,647 log "GET / HTTP/1.1" 200 12928
INFO 2026-07-04 18:27:55,887 log "GET /api/banners/active HTTP/1.1" 200 74
INFO 2026-07-04 18:27:55,905 log "GET /api/products/latest HTTP/1.1" 200 1461
INFO 2026-07-04 18:28:01,594 log "GET /product/?id=1 HTTP/1.1" 200 4783
INFO 2026-07-04 18:28:01,870 log "GET /api/products/1 HTTP/1.1" 200 1451
INFO 2026-07-04 18:28:08,100 log "GET /checkout/ HTTP/1.1" 200 3817
INFO 2026-07-04 18:28:26,048 log "GET / HTTP/1.1" 200 12928
INFO 2026-07-04 18:28:26,144 log "GET /api/banners/active HTTP/1.1" 200 74
INFO 2026-07-04 18:28:26,168 log "GET /api/products/latest HTTP/1.1" 200 1461
INFO 2026-07-04 18:30:37,054 autoreload C:\Users\abinaya\Desktop\New folder\Fashion-Ecommerce\ecommerce_backend\views.py changed, reloading.
INFO 2026-07-04 18:30:38,328 autoreload Watching for file changes with StatReloader
INFO 2026-07-04 18:31:18,851 autoreload C:\Users\abinaya\Desktop\New folder\Fashion-Ecommerce\ecommerce_backend\views.py changed, reloading.
INFO 2026-07-04 18:31:19,988 autoreload Watching for file changes with StatReloader
INFO 2026-07-04 18:33:31,982 log "GET / HTTP/1.1" 200 12924
INFO 2026-07-04 18:33:32,137 log "GET /api/banners/active HTTP/1.1" 200 74
INFO 2026-07-04 18:33:32,150 log "GET /api/products/latest HTTP/1.1" 200 1461
INFO 2026-07-04 18:33:42,640 log "GET /shop/ HTTP/1.1" 200 5933
INFO 2026-07-04 18:33:42,809 log "GET /api/products/latest HTTP/1.1" 200 1461
INFO 2026-07-04 18:34:03,235 log "GET /product/?id=1 HTTP/1.1" 200 4783
INFO 2026-07-04 18:34:03,306 log "GET /api/products/1 HTTP/1.1" 200 1451
INFO 2026-07-04 18:34:21,017 log "GET /checkout/ HTTP/1.1" 200 3817
INFO 2026-07-04 18:36:55,498 log "GET / HTTP/1.1" 200 12882
INFO 2026-07-04 18:36:55,685 log "GET /api/banners/active HTTP/1.1" 200 74
INFO 2026-07-04 18:36:55,688 log "GET /api/products/latest HTTP/1.1" 200 1461
WARNING 2026-07-04 18:37:04,111 log Not Found: /shop
WARNING 2026-07-04 18:37:04,112 log "GET /shop HTTP/1.1" 404 7652
INFO 2026-07-04 18:52:17,869 log "GET / HTTP/1.1" 200 14573
INFO 2026-07-04 18:52:17,966 log "GET /api/banners/active HTTP/1.1" 200 74
INFO 2026-07-04 18:52:17,979 log "GET /api/products/latest HTTP/1.1" 200 1461
INFO 2026-07-04 18:52:19,185 log "GET / HTTP/1.1" 200 14573
INFO 2026-07-04 18:52:19,261 log "GET /api/banners/active HTTP/1.1" 200 74
INFO 2026-07-04 18:52:19,271 log "GET /api/products/latest HTTP/1.1" 200 1461
INFO 2026-07-04 18:52:20,160 log "GET / HTTP/1.1" 200 14573
INFO 2026-07-04 18:52:20,230 log "GET /api/banners/active HTTP/1.1" 200 74
INFO 2026-07-04 18:52:20,247 log "GET /api/products/latest HTTP/1.1" 200 1461
WARNING 2026-07-04 18:52:34,018 log Not Found: /shop
WARNING 2026-07-04 18:52:34,020 log "GET /shop HTTP/1.1" 404 7652
INFO 2026-07-04 18:53:05,461 autoreload C:\Users\abinaya\Desktop\New folder\Fashion-Ecommerce\ecommerce_backend\views.py changed, reloading.
INFO 2026-07-04 18:53:06,896 autoreload Watching for file changes with StatReloader
INFO 2026-07-04 18:53:16,203 autoreload C:\Users\abinaya\Desktop\New folder\Fashion-Ecommerce\ecommerce_backend\urls.py changed, reloading.
INFO 2026-07-04 18:53:17,345 autoreload Watching for file changes with StatReloader
WARNING 2026-07-04 19:26:44,154 log Not Found: /
WARNING 2026-07-04 19:26:44,156 log "GET / HTTP/1.1" 404 6954
INFO 2026-07-04 23:26:22,721 autoreload Watching for file changes with StatReloader
INFO 2026-07-04 23:54:57,297 autoreload C:\Users\abinaya\Desktop\New folder\Fashion-Ecommerce\ecommerce_backend\settings.py changed, reloading.
INFO 2026-07-04 23:54:58,703 autoreload Watching for file changes with StatReloader
INFO 2026-07-04 23:55:35,012 autoreload C:\Users\abinaya\Desktop\New folder\Fashion-Ecommerce\ecommerce_backend\settings.py changed, reloading.
INFO 2026-07-04 23:55:36,521 autoreload Watching for file changes with StatReloader
INFO 2026-07-04 23:55:39,110 autoreload C:\Users\abinaya\Desktop\New folder\Fashion-Ecommerce\ecommerce_backend\settings.py changed, reloading.
INFO 2026-07-04 23:55:40,519 autoreload Watching for file changes with StatReloader
INFO 2026-07-04 23:55:55,209 autoreload C:\Users\abinaya\Desktop\New folder\Fashion-Ecommerce\ecommerce_backend\settings.py changed, reloading.
INFO 2026-07-04 23:55:56,974 autoreload Watching for file changes with StatReloader
INFO 2026-07-04 23:56:18,019 autoreload C:\Users\abinaya\Desktop\New folder\Fashion-Ecommerce\ecommerce_backend\settings.py changed, reloading.
INFO 2026-07-04 23:56:19,316 autoreload Watching for file changes with StatReloader
INFO 2026-07-05 00:03:49,325 autoreload C:\Users\abinaya\Desktop\New folder\Fashion-Ecommerce\ecommerce_backend\settings.py changed, reloading.
INFO 2026-07-05 00:03:51,403 autoreload Watching for file changes with StatReloader
INFO 2026-07-05 00:04:21,367 autoreload Watching for file changes with StatReloader
INFO 2026-07-05 22:58:09,314 autoreload Watching for file changes with StatReloader
